Archive member included to satisfy reference by file (symbol)

c:/st/stm32cubeide_1.7.0/stm32cubeide/plugins/com.st.stm32cube.ide.mcu.externaltools.gnu-tools-for-stm32.9-2020-q2-update.win32_2.0.0.202105311346/tools/bin/../lib/gcc/arm-none-eabi/9.3.1/../../../../arm-none-eabi/lib/thumb/v7e-m+fp/hard\libc_nano.a(lib_a-errno.o)
                              ./Core/Src/syscalls.o (__errno)
c:/st/stm32cubeide_1.7.0/stm32cubeide/plugins/com.st.stm32cube.ide.mcu.externaltools.gnu-tools-for-stm32.9-2020-q2-update.win32_2.0.0.202105311346/tools/bin/../lib/gcc/arm-none-eabi/9.3.1/../../../../arm-none-eabi/lib/thumb/v7e-m+fp/hard\libc_nano.a(lib_a-exit.o)
                              c:/st/stm32cubeide_1.7.0/stm32cubeide/plugins/com.st.stm32cube.ide.mcu.externaltools.gnu-tools-for-stm32.9-2020-q2-update.win32_2.0.0.202105311346/tools/bin/../lib/gcc/arm-none-eabi/9.3.1/../../../../arm-none-eabi/lib/thumb/v7e-m+fp/hard/crt0.o (exit)
c:/st/stm32cubeide_1.7.0/stm32cubeide/plugins/com.st.stm32cube.ide.mcu.externaltools.gnu-tools-for-stm32.9-2020-q2-update.win32_2.0.0.202105311346/tools/bin/../lib/gcc/arm-none-eabi/9.3.1/../../../../arm-none-eabi/lib/thumb/v7e-m+fp/hard\libc_nano.a(lib_a-impure.o)
                              c:/st/stm32cubeide_1.7.0/stm32cubeide/plugins/com.st.stm32cube.ide.mcu.externaltools.gnu-tools-for-stm32.9-2020-q2-update.win32_2.0.0.202105311346/tools/bin/../lib/gcc/arm-none-eabi/9.3.1/../../../../arm-none-eabi/lib/thumb/v7e-m+fp/hard\libc_nano.a(lib_a-exit.o) (_global_impure_ptr)
c:/st/stm32cubeide_1.7.0/stm32cubeide/plugins/com.st.stm32cube.ide.mcu.externaltools.gnu-tools-for-stm32.9-2020-q2-update.win32_2.0.0.202105311346/tools/bin/../lib/gcc/arm-none-eabi/9.3.1/../../../../arm-none-eabi/lib/thumb/v7e-m+fp/hard\libc_nano.a(lib_a-init.o)
                              c:/st/stm32cubeide_1.7.0/stm32cubeide/plugins/com.st.stm32cube.ide.mcu.externaltools.gnu-tools-for-stm32.9-2020-q2-update.win32_2.0.0.202105311346/tools/bin/../lib/gcc/arm-none-eabi/9.3.1/../../../../arm-none-eabi/lib/thumb/v7e-m+fp/hard/crt0.o (__libc_init_array)
c:/st/stm32cubeide_1.7.0/stm32cubeide/plugins/com.st.stm32cube.ide.mcu.externaltools.gnu-tools-for-stm32.9-2020-q2-update.win32_2.0.0.202105311346/tools/bin/../lib/gcc/arm-none-eabi/9.3.1/../../../../arm-none-eabi/lib/thumb/v7e-m+fp/hard\libc_nano.a(lib_a-memcpy-stub.o)
                              ./Core/Src/Modbus.o (memcpy)
c:/st/stm32cubeide_1.7.0/stm32cubeide/plugins/com.st.stm32cube.ide.mcu.externaltools.gnu-tools-for-stm32.9-2020-q2-update.win32_2.0.0.202105311346/tools/bin/../lib/gcc/arm-none-eabi/9.3.1/../../../../arm-none-eabi/lib/thumb/v7e-m+fp/hard\libc_nano.a(lib_a-memset.o)
                              c:/st/stm32cubeide_1.7.0/stm32cubeide/plugins/com.st.stm32cube.ide.mcu.externaltools.gnu-tools-for-stm32.9-2020-q2-update.win32_2.0.0.202105311346/tools/bin/../lib/gcc/arm-none-eabi/9.3.1/../../../../arm-none-eabi/lib/thumb/v7e-m+fp/hard/crt0.o (memset)
c:/st/stm32cubeide_1.7.0/stm32cubeide/plugins/com.st.stm32cube.ide.mcu.externaltools.gnu-tools-for-stm32.9-2020-q2-update.win32_2.0.0.202105311346/tools/bin/../lib/gcc/arm-none-eabi/9.3.1/thumb/v7e-m+fp/hard\libgcc.a(_aeabi_uldivmod.o)
                              ./Drivers/STM32F4xx_HAL_Driver/Src/stm32f4xx_hal_rcc.o (__aeabi_uldivmod)
c:/st/stm32cubeide_1.7.0/stm32cubeide/plugins/com.st.stm32cube.ide.mcu.externaltools.gnu-tools-for-stm32.9-2020-q2-update.win32_2.0.0.202105311346/tools/bin/../lib/gcc/arm-none-eabi/9.3.1/thumb/v7e-m+fp/hard\libgcc.a(_udivmoddi4.o)
                              c:/st/stm32cubeide_1.7.0/stm32cubeide/plugins/com.st.stm32cube.ide.mcu.externaltools.gnu-tools-for-stm32.9-2020-q2-update.win32_2.0.0.202105311346/tools/bin/../lib/gcc/arm-none-eabi/9.3.1/thumb/v7e-m+fp/hard\libgcc.a(_aeabi_uldivmod.o) (__udivmoddi4)
c:/st/stm32cubeide_1.7.0/stm32cubeide/plugins/com.st.stm32cube.ide.mcu.externaltools.gnu-tools-for-stm32.9-2020-q2-update.win32_2.0.0.202105311346/tools/bin/../lib/gcc/arm-none-eabi/9.3.1/thumb/v7e-m+fp/hard\libgcc.a(_dvmd_tls.o)
                              c:/st/stm32cubeide_1.7.0/stm32cubeide/plugins/com.st.stm32cube.ide.mcu.externaltools.gnu-tools-for-stm32.9-2020-q2-update.win32_2.0.0.202105311346/tools/bin/../lib/gcc/arm-none-eabi/9.3.1/thumb/v7e-m+fp/hard\libgcc.a(_aeabi_uldivmod.o) (__aeabi_ldiv0)

Allocating common symbols
Common symbol       size              file

packetHandle        0x3f2             ./Core/Src/Modbus.o
uwTick              0x4               ./Drivers/STM32F4xx_HAL_Driver/Src/stm32f4xx_hal.o
pFlash              0x20              ./Drivers/STM32F4xx_HAL_Driver/Src/stm32f4xx_hal_flash.o
table               0x14              ./Core/Src/Modbus.o
htim1               0x48              ./Core/Src/main.o
huart6              0x44              ./Core/Src/main.o
huart2              0x44              ./Core/Src/main.o

Discarded input sections

[...]
Memory Configuration

Name             Origin             Length             Attributes
RAM              0x0000000020000000 0x0000000000020000 xrw
FLASH            0x0000000008000000 0x0000000000080000 xr
*default*        0x0000000000000000 0xffffffffffffffff

Linker script and memory map

LOAD c:/st/stm32cubeide_1.7.0/stm32cubeide/plugins/com.st.stm32cube.ide.mcu.externaltools.gnu-tools-for-stm32.9-2020-q2-update.win32_2.0.0.202105311346/tools/bin/../lib/gcc/arm-none-eabi/9.3.1/thumb/v7e-m+fp/hard/crti.o
LOAD c:/st/stm32cubeide_1.7.0/stm32cubeide/plugins/com.st.stm32cube.ide.mcu.externaltools.gnu-tools-for-stm32.9-2020-q2-update.win32_2.0.0.202105311346/tools/bin/../lib/gcc/arm-none-eabi/9.3.1/thumb/v7e-m+fp/hard/crtbegin.o
LOAD c:/st/stm32cubeide_1.7.0/stm32cubeide/plugins/com.st.stm32cube.ide.mcu.externaltools.gnu-tools-for-stm32.9-2020-q2-update.win32_2.0.0.202105311346/tools/bin/../lib/gcc/arm-none-eabi/9.3.1/../../../../arm-none-eabi/lib/thumb/v7e-m+fp/hard/crt0.o
LOAD ./Core/Src/Modbus.o
LOAD ./Core/Src/Timer.o
LOAD ./Core/Src/main.o
LOAD ./Core/Src/stm32f4xx_hal_msp.o
LOAD ./Core/Src/stm32f4xx_it.o
LOAD ./Core/Src/syscalls.o
LOAD ./Core/Src/sysmem.o
LOAD ./Core/Src/system_stm32f4xx.o
LOAD ./Core/Src/uart.o
LOAD ./Core/Startup/startup_stm32f411retx.o
LOAD ./Drivers/STM32F4xx_HAL_Driver/Src/stm32f4xx_hal.o
LOAD ./Drivers/STM32F4xx_HAL_Driver/Src/stm32f4xx_hal_cortex.o
LOAD ./Drivers/STM32F4xx_HAL_Driver/Src/stm32f4xx_hal_dma.o
LOAD ./Drivers/STM32F4xx_HAL_Driver/Src/stm32f4xx_hal_dma_ex.o
LOAD ./Drivers/STM32F4xx_HAL_Driver/Src/stm32f4xx_hal_exti.o
LOAD ./Drivers/STM32F4xx_HAL_Driver/Src/stm32f4xx_hal_flash.o
LOAD ./Drivers/STM32F4xx_HAL_Driver/Src/stm32f4xx_hal_flash_ex.o
LOAD ./Drivers/STM32F4xx_HAL_Driver/Src/stm32f4xx_hal_flash_ramfunc.o
LOAD ./Drivers/STM32F4xx_HAL_Driver/Src/stm32f4xx_hal_gpio.o
LOAD ./Drivers/STM32F4xx_HAL_Driver/Src/stm32f4xx_hal_pwr.o
LOAD ./Drivers/STM32F4xx_HAL_Driver/Src/stm32f4xx_hal_pwr_ex.o
LOAD ./Drivers/STM32F4xx_HAL_Driver/Src/stm32f4xx_hal_rcc.o
LOAD ./Drivers/STM32F4xx_HAL_Driver/Src/stm32f4xx_hal_rcc_ex.o
LOAD ./Drivers/STM32F4xx_HAL_Driver/Src/stm32f4xx_hal_tim.o
LOAD ./Drivers/STM32F4xx_HAL_Driver/Src/stm32f4xx_hal_tim_ex.o
LOAD ./Drivers/STM32F4xx_HAL_Driver/Src/stm32f4xx_hal_uart.o
START GROUP
LOAD c:/st/stm32cubeide_1.7.0/stm32cubeide/plugins/com.st.stm32cube.ide.mcu.externaltools.gnu-tools-for-stm32.9-2020-q2-update.win32_2.0.0.202105311346/tools/bin/../lib/gcc/arm-none-eabi/9.3.1/../../../../arm-none-eabi/lib/thumb/v7e-m+fp/hard\libc_nano.a
LOAD c:/st/stm32cubeide_1.7.0/stm32cubeide/plugins/com.st.stm32cube.ide.mcu.externaltools.gnu-tools-for-stm32.9-2020-q2-update.win32_2.0.0.202105311346/tools/bin/../lib/gcc/arm-none-eabi/9.3.1/../../../../arm-none-eabi/lib/thumb/v7e-m+fp/hard\libm.a
END GROUP
START GROUP
LOAD c:/st/stm32cubeide_1.7.0/stm32cubeide/plugins/com.st.stm32cube.ide.mcu.externaltools.gnu-tools-for-stm32.9-2020-q2-update.win32_2.0.0.202105311346/tools/bin/../lib/gcc/arm-none-eabi/9.3.1/thumb/v7e-m+fp/hard\libgcc.a
LOAD c:/st/stm32cubeide_1.7.0/stm32cubeide/plugins/com.st.stm32cube.ide.mcu.externaltools.gnu-tools-for-stm32.9-2020-q2-update.win32_2.0.0.202105311346/tools/bin/../lib/gcc/arm-none-eabi/9.3.1/../../../../arm-none-eabi/lib/thumb/v7e-m+fp/hard\libc_nano.a
END GROUP
START GROUP
LOAD c:/st/stm32cubeide_1.7.0/stm32cubeide/plugins/com.st.stm32cube.ide.mcu.externaltools.gnu-tools-for-stm32.9-2020-q2-update.win32_2.0.0.202105311346/tools/bin/../lib/gcc/arm-none-eabi/9.3.1/thumb/v7e-m+fp/hard\libgcc.a
LOAD c:/st/stm32cubeide_1.7.0/stm32cubeide/plugins/com.st.stm32cube.ide.mcu.externaltools.gnu-tools-for-stm32.9-2020-q2-update.win32_2.0.0.202105311346/tools/bin/../lib/gcc/arm-none-eabi/9.3.1/../../../../arm-none-eabi/lib/thumb/v7e-m+fp/hard\libc_nano.a
LOAD c:/st/stm32cubeide_1.7.0/stm32cubeide/plugins/com.st.stm32cube.ide.mcu.externaltools.gnu-tools-for-stm32.9-2020-q2-update.win32_2.0.0.202105311346/tools/bin/../lib/gcc/arm-none-eabi/9.3.1/../../../../arm-none-eabi/lib/thumb/v7e-m+fp/hard\libnosys.a
END GROUP
START GROUP
LOAD c:/st/stm32cubeide_1.7.0/stm32cubeide/plugins/com.st.stm32cube.ide.mcu.externaltools.gnu-tools-for-stm32.9-2020-q2-update.win32_2.0.0.202105311346/tools/bin/../lib/gcc/arm-none-eabi/9.3.1/thumb/v7e-m+fp/hard\libgcc.a
LOAD c:/st/stm32cubeide_1.7.0/stm32cubeide/plugins/com.st.stm32cube.ide.mcu.externaltools.gnu-tools-for-stm32.9-2020-q2-update.win32_2.0.0.202105311346/tools/bin/../lib/gcc/arm-none-eabi/9.3.1/../../../../arm-none-eabi/lib/thumb/v7e-m+fp/hard\libc_nano.a
LOAD c:/st/stm32cubeide_1.7.0/stm32cubeide/plugins/com.st.stm32cube.ide.mcu.externaltools.gnu-tools-for-stm32.9-2020-q2-update.win32_2.0.0.202105311346/tools/bin/../lib/gcc/arm-none-eabi/9.3.1/../../../../arm-none-eabi/lib/thumb/v7e-m+fp/hard\libnosys.a
END GROUP
LOAD c:/st/stm32cubeide_1.7.0/stm32cubeide/plugins/com.st.stm32cube.ide.mcu.externaltools.gnu-tools-for-stm32.9-2020-q2-update.win32_2.0.0.202105311346/tools/bin/../lib/gcc/arm-none-eabi/9.3.1/thumb/v7e-m+fp/hard/crtend.o
LOAD c:/st/stm32cubeide_1.7.0/stm32cubeide/plugins/com.st.stm32cube.ide.mcu.externaltools.gnu-tools-for-stm32.9-2020-q2-update.win32_2.0.0.202105311346/tools/bin/../lib/gcc/arm-none-eabi/9.3.1/thumb/v7e-m+fp/hard/crtn.o
                0x0000000020020000                _estack = (ORIGIN (RAM) + LENGTH (RAM))
                0x0000000000000200                _Min_Heap_Size = 0x200
                0x0000000000000400                _Min_Stack_Size = 0x400

.isr_vector     0x0000000008000000      0x198
                0x0000000008000000                . = ALIGN (0x4)
 *(.isr_vector)
 .isr_vector    0x0000000008000000      0x198 ./Core/Startup/startup_stm32f411retx.o
                0x0000000008000000                g_pfnVectors
                0x0000000008000198                . = ALIGN (0x4)

.text           0x0000000008000198     0x3330
                0x0000000008000198                . = ALIGN (0x4)
 *(.text)
 .text          0x0000000008000198       0x40 c:/st/stm32cubeide_1.7.0/stm32cubeide/plugins/com.st.stm32cube.ide.mcu.externaltools.gnu-tools-for-stm32.9-2020-q2-update.win32_2.0.0.202105311346/tools/bin/../lib/gcc/arm-none-eabi/9.3.1/thumb/v7e-m+fp/hard/crtbegin.o
 .text          0x00000000080001d8       0x30 c:/st/stm32cubeide_1.7.0/stm32cubeide/plugins/com.st.stm32cube.ide.mcu.externaltools.gnu-tools-for-stm32.9-2020-q2-update.win32_2.0.0.202105311346/tools/bin/../lib/gcc/arm-none-eabi/9.3.1/thumb/v7e-m+fp/hard\libgcc.a(_aeabi_uldivmod.o)
                0x00000000080001d8                __aeabi_uldivmod
 .text          0x0000000008000208      0x2c4 c:/st/stm32cubeide_1.7.0/stm32cubeide/plugins/com.st.stm32cube.ide.mcu.externaltools.gnu-tools-for-stm32.9-2020-q2-update.win32_2.0.0.202105311346/tools/bin/../lib/gcc/arm-none-eabi/9.3.1/thumb/v7e-m+fp/hard\libgcc.a(_udivmoddi4.o)
                0x0000000008000208                __udivmoddi4
 .text          0x00000000080004cc        0x4 c:/st/stm32cubeide_1.7.0/stm32cubeide/plugins/com.st.stm32cube.ide.mcu.externaltools.gnu-tools-for-stm32.9-2020-q2-update.win32_2.0.0.202105311346/tools/bin/../lib/gcc/arm-none-eabi/9.3.1/thumb/v7e-m+fp/hard\libgcc.a(_dvmd_tls.o)
                0x00000000080004cc                __aeabi_idiv0
                0x00000000080004cc                __aeabi_ldiv0
 *(.text*)
 .text.ModbusSlave
                0x00000000080004d0       0x14 ./Core/Src/Modbus.o
                0x00000000080004d0                ModbusSlave
 .text.Search_ID
                0x00000000080004e4       0x2c ./Core/Src/Modbus.o
                0x00000000080004e4                Search_ID
 .text.RX_Buf_Init
                0x0000000008000510       0x2c ./Core/Src/Modbus.o
                0x0000000008000510                RX_Buf_Init
 .text.frameCplt
                0x000000000800053c       0x34 ./Core/Src/Modbus.o
                0x000000000800053c                frameCplt
 .text.GetRX_Packet
                0x0000000008000570       0xdc ./Core/Src/Modbus.o
                0x0000000008000570                GetRX_Packet
 .text.Rx_TimerStartStop
                0x000000000800064c       0x28 ./Core/Src/Timer.o
                0x000000000800064c                Rx_TimerStartStop
 .text.HAL_TIM_PeriodElapsedCallback
                0x0000000008000674       0x48 ./Core/Src/Timer.o
                0x0000000008000674                HAL_TIM_PeriodElapsedCallback
 .text.main     0x00000000080006bc       0x38 ./Core/Src/main.o
                0x00000000080006bc                main
 .text.SystemClock_Config
                0x00000000080006f4       0xd4 ./Core/Src/main.o
                0x00000000080006f4                SystemClock_Config
 .text.MX_NVIC_Init
                0x00000000080007c8       0x68 ./Core/Src/main.o
 .text.MX_TIM1_Init
                0x0000000008000830       0xa0 ./Core/Src/main.o
 .text.MX_USART2_UART_Init
                0x00000000080008d0       0x54 ./Core/Src/main.o
 .text.MX_USART6_UART_Init
                0x0000000008000924       0x54 ./Core/Src/main.o
 .text.MX_GPIO_Init
                0x0000000008000978       0xdc ./Core/Src/main.o
 .text.Error_Handler
                0x0000000008000a54        0xa ./Core/Src/main.o
                0x0000000008000a54                Error_Handler
 *fill*         0x0000000008000a5e        0x2 
 .text.HAL_MspInit
                0x0000000008000a60       0x50 ./Core/Src/stm32f4xx_hal_msp.o
                0x0000000008000a60                HAL_MspInit
 .text.HAL_TIM_Base_MspInit
                0x0000000008000ab0       0x44 ./Core/Src/stm32f4xx_hal_msp.o
                0x0000000008000ab0                HAL_TIM_Base_MspInit
 .text.HAL_UART_MspInit
                0x0000000008000af4       0xfc ./Core/Src/stm32f4xx_hal_msp.o
                0x0000000008000af4                HAL_UART_MspInit
 .text.NMI_Handler
                0x0000000008000bf0        0x6 ./Core/Src/stm32f4xx_it.o
                0x0000000008000bf0                NMI_Handler
 .text.HardFault_Handler
                0x0000000008000bf6        0x6 ./Core/Src/stm32f4xx_it.o
                0x0000000008000bf6                HardFault_Handler
 .text.MemManage_Handler
                0x0000000008000bfc        0x6 ./Core/Src/stm32f4xx_it.o
                0x0000000008000bfc                MemManage_Handler
 .text.BusFault_Handler
                0x0000000008000c02        0x6 ./Core/Src/stm32f4xx_it.o
                0x0000000008000c02                BusFault_Handler
 .text.UsageFault_Handler
                0x0000000008000c08        0x6 ./Core/Src/stm32f4xx_it.o
                0x0000000008000c08                UsageFault_Handler
 .text.SVC_Handler
                0x0000000008000c0e        0xe ./Core/Src/stm32f4xx_it.o
                0x0000000008000c0e                SVC_Handler
 .text.DebugMon_Handler
                0x0000000008000c1c        0xe ./Core/Src/stm32f4xx_it.o
                0x0000000008000c1c                DebugMon_Handler
 .text.PendSV_Handler
                0x0000000008000c2a        0xe ./Core/Src/stm32f4xx_it.o
                0x0000000008000c2a                PendSV_Handler
 .text.SysTick_Handler
                0x0000000008000c38        0xc ./Core/Src/stm32f4xx_it.o
                0x0000000008000c38                SysTick_Handler
 .text.TIM1_BRK_TIM9_IRQHandler
                0x0000000008000c44       0x14 ./Core/Src/stm32f4xx_it.o
                0x0000000008000c44                TIM1_BRK_TIM9_IRQHandler
 .text.TIM1_UP_TIM10_IRQHandler
                0x0000000008000c58       0x14 ./Core/Src/stm32f4xx_it.o
                0x0000000008000c58                TIM1_UP_TIM10_IRQHandler
 .text.TIM1_TRG_COM_TIM11_IRQHandler
                0x0000000008000c6c       0x14 ./Core/Src/stm32f4xx_it.o
                0x0000000008000c6c                TIM1_TRG_COM_TIM11_IRQHandler
 .text.TIM1_CC_IRQHandler
                0x0000000008000c80       0x14 ./Core/Src/stm32f4xx_it.o
                0x0000000008000c80                TIM1_CC_IRQHandler
 .text.USART2_IRQHandler
                0x0000000008000c94       0x14 ./Core/Src/stm32f4xx_it.o
                0x0000000008000c94                USART2_IRQHandler
 .text.USART6_IRQHandler
                0x0000000008000ca8       0x14 ./Core/Src/stm32f4xx_it.o
                0x0000000008000ca8                USART6_IRQHandler
 .text.SystemInit
                0x0000000008000cbc       0x24 ./Core/Src/system_stm32f4xx.o
                0x0000000008000cbc                SystemInit
 .text.HAL_UART_RxCpltCallback
                0x0000000008000ce0       0x5c ./Core/Src/uart.o
                0x0000000008000ce0                HAL_UART_RxCpltCallback
 .text.Reset_Handler
                0x0000000008000d3c       0x50 ./Core/Startup/startup_stm32f411retx.o
                0x0000000008000d3c                Reset_Handler
 .text.Default_Handler
                0x0000000008000d8c        0x2 ./Core/Startup/startup_stm32f411retx.o
                0x0000000008000d8c                RTC_Alarm_IRQHandler
                0x0000000008000d8c                EXTI2_IRQHandler
                0x0000000008000d8c                SPI4_IRQHandler
                0x0000000008000d8c                DMA2_Stream5_IRQHandler
                0x0000000008000d8c                DMA1_Stream5_IRQHandler
                0x0000000008000d8c                PVD_IRQHandler
                0x0000000008000d8c                SDIO_IRQHandler
                0x0000000008000d8c                TAMP_STAMP_IRQHandler
                0x0000000008000d8c                EXTI3_IRQHandler
                0x0000000008000d8c                I2C3_ER_IRQHandler
                0x0000000008000d8c                EXTI0_IRQHandler
                0x0000000008000d8c                I2C2_EV_IRQHandler
                0x0000000008000d8c                DMA1_Stream2_IRQHandler
                0x0000000008000d8c                FPU_IRQHandler
                0x0000000008000d8c                DMA2_Stream2_IRQHandler
                0x0000000008000d8c                SPI1_IRQHandler
                0x0000000008000d8c                DMA2_Stream3_IRQHandler
                0x0000000008000d8c                DMA2_Stream0_IRQHandler
                0x0000000008000d8c                TIM4_IRQHandler
                0x0000000008000d8c                I2C1_EV_IRQHandler
                0x0000000008000d8c                DMA1_Stream6_IRQHandler
                0x0000000008000d8c                DMA1_Stream1_IRQHandler
                0x0000000008000d8c                TIM3_IRQHandler
                0x0000000008000d8c                RCC_IRQHandler
                0x0000000008000d8c                Default_Handler
                0x0000000008000d8c                EXTI15_10_IRQHandler
                0x0000000008000d8c                ADC_IRQHandler
                0x0000000008000d8c                DMA1_Stream7_IRQHandler
                0x0000000008000d8c                SPI5_IRQHandler
                0x0000000008000d8c                TIM5_IRQHandler
                0x0000000008000d8c                DMA2_Stream7_IRQHandler
                0x0000000008000d8c                I2C3_EV_IRQHandler
                0x0000000008000d8c                EXTI9_5_IRQHandler
                0x0000000008000d8c                RTC_WKUP_IRQHandler
                0x0000000008000d8c                SPI2_IRQHandler
                0x0000000008000d8c                DMA1_Stream0_IRQHandler
                0x0000000008000d8c                EXTI4_IRQHandler
                0x0000000008000d8c                WWDG_IRQHandler
                0x0000000008000d8c                TIM2_IRQHandler
                0x0000000008000d8c                OTG_FS_WKUP_IRQHandler
                0x0000000008000d8c                EXTI1_IRQHandler
                0x0000000008000d8c                I2C2_ER_IRQHandler
                0x0000000008000d8c                DMA2_Stream1_IRQHandler
                0x0000000008000d8c                FLASH_IRQHandler
                0x0000000008000d8c                DMA2_Stream4_IRQHandler
                0x0000000008000d8c                USART1_IRQHandler
                0x0000000008000d8c                OTG_FS_IRQHandler
                0x0000000008000d8c                SPI3_IRQHandler
                0x0000000008000d8c                DMA1_Stream4_IRQHandler
                0x0000000008000d8c                I2C1_ER_IRQHandler
                0x0000000008000d8c                DMA2_Stream6_IRQHandler
                0x0000000008000d8c                DMA1_Stream3_IRQHandler
 *fill*         0x0000000008000d8e        0x2 
 .text.HAL_Init
                0x0000000008000d90       0x44 ./Drivers/STM32F4xx_HAL_Driver/Src/stm32f4xx_hal.o
                0x0000000008000d90                HAL_Init
 .text.HAL_InitTick
                0x0000000008000dd4       0x60 ./Drivers/STM32F4xx_HAL_Driver/Src/stm32f4xx_hal.o
                0x0000000008000dd4                HAL_InitTick
 .text.HAL_IncTick
                0x0000000008000e34       0x28 ./Drivers/STM32F4xx_HAL_Driver/Src/stm32f4xx_hal.o
                0x0000000008000e34                HAL_IncTick
 .text.HAL_GetTick
                0x0000000008000e5c       0x18 ./Drivers/STM32F4xx_HAL_Driver/Src/stm32f4xx_hal.o
                0x0000000008000e5c                HAL_GetTick
 .text.__NVIC_SetPriorityGrouping
                0x0000000008000e74       0x48 ./Drivers/STM32F4xx_HAL_Driver/Src/stm32f4xx_hal_cortex.o
 .text.__NVIC_GetPriorityGrouping
                0x0000000008000ebc       0x1c ./Drivers/STM32F4xx_HAL_Driver/Src/stm32f4xx_hal_cortex.o
 .text.__NVIC_EnableIRQ
                0x0000000008000ed8       0x3c ./Drivers/STM32F4xx_HAL_Driver/Src/stm32f4xx_hal_cortex.o
 .text.__NVIC_SetPriority
                0x0000000008000f14       0x54 ./Drivers/STM32F4xx_HAL_Driver/Src/stm32f4xx_hal_cortex.o
 .text.NVIC_EncodePriority
                0x0000000008000f68       0x66 ./Drivers/STM32F4xx_HAL_Driver/Src/stm32f4xx_hal_cortex.o
 *fill*         0x0000000008000fce        0x2 
 .text.SysTick_Config
                0x0000000008000fd0       0x44 ./Drivers/STM32F4xx_HAL_Driver/Src/stm32f4xx_hal_cortex.o
 .text.HAL_NVIC_SetPriorityGrouping
                0x0000000008001014       0x16 ./Drivers/STM32F4xx_HAL_Driver/Src/stm32f4xx_hal_cortex.o
                0x0000000008001014                HAL_NVIC_SetPriorityGrouping
 .text.HAL_NVIC_SetPriority
                0x000000000800102a       0x38 ./Drivers/STM32F4xx_HAL_Driver/Src/stm32f4xx_hal_cortex.o
                0x000000000800102a                HAL_NVIC_SetPriority
 .text.HAL_NVIC_EnableIRQ
                0x0000000008001062       0x1c ./Drivers/STM32F4xx_HAL_Driver/Src/stm32f4xx_hal_cortex.o
                0x0000000008001062                HAL_NVIC_EnableIRQ
 .text.HAL_SYSTICK_Config
                0x000000000800107e       0x18 ./Drivers/STM32F4xx_HAL_Driver/Src/stm32f4xx_hal_cortex.o
                0x000000000800107e                HAL_SYSTICK_Config
 .text.HAL_DMA_Abort
                0x0000000008001096       0xe0 ./Drivers/STM32F4xx_HAL_Driver/Src/stm32f4xx_hal_dma.o
                0x0000000008001096                HAL_DMA_Abort
 .text.HAL_DMA_Abort_IT
                0x0000000008001176       0x44 ./Drivers/STM32F4xx_HAL_Driver/Src/stm32f4xx_hal_dma.o
                0x0000000008001176                HAL_DMA_Abort_IT
 *fill*         0x00000000080011ba        0x2 
 .text.HAL_GPIO_Init
                0x00000000080011bc      0x308 ./Drivers/STM32F4xx_HAL_Driver/Src/stm32f4xx_hal_gpio.o
                0x00000000080011bc                HAL_GPIO_Init
 .text.HAL_GPIO_WritePin
                0x00000000080014c4       0x32 ./Drivers/STM32F4xx_HAL_Driver/Src/stm32f4xx_hal_gpio.o
                0x00000000080014c4                HAL_GPIO_WritePin
 *fill*         0x00000000080014f6        0x2 
 .text.HAL_RCC_OscConfig
                0x00000000080014f8      0x4f0 ./Drivers/STM32F4xx_HAL_Driver/Src/stm32f4xx_hal_rcc.o
                0x00000000080014f8                HAL_RCC_OscConfig
 .text.HAL_RCC_ClockConfig
                0x00000000080019e8      0x1cc ./Drivers/STM32F4xx_HAL_Driver/Src/stm32f4xx_hal_rcc.o
                0x00000000080019e8                HAL_RCC_ClockConfig
 .text.HAL_RCC_GetSysClockFreq
                0x0000000008001bb4      0x1c4 ./Drivers/STM32F4xx_HAL_Driver/Src/stm32f4xx_hal_rcc.o
                0x0000000008001bb4                HAL_RCC_GetSysClockFreq
 .text.HAL_RCC_GetHCLKFreq
                0x0000000008001d78       0x18 ./Drivers/STM32F4xx_HAL_Driver/Src/stm32f4xx_hal_rcc.o
                0x0000000008001d78                HAL_RCC_GetHCLKFreq
 .text.HAL_RCC_GetPCLK1Freq
                0x0000000008001d90       0x28 ./Drivers/STM32F4xx_HAL_Driver/Src/stm32f4xx_hal_rcc.o
                0x0000000008001d90                HAL_RCC_GetPCLK1Freq
 .text.HAL_RCC_GetPCLK2Freq
                0x0000000008001db8       0x28 ./Drivers/STM32F4xx_HAL_Driver/Src/stm32f4xx_hal_rcc.o
                0x0000000008001db8                HAL_RCC_GetPCLK2Freq
 .text.HAL_TIM_Base_Init
                0x0000000008001de0       0x9e ./Drivers/STM32F4xx_HAL_Driver/Src/stm32f4xx_hal_tim.o
                0x0000000008001de0                HAL_TIM_Base_Init
 *fill*         0x0000000008001e7e        0x2 
 .text.HAL_TIM_Base_Start_IT
                0x0000000008001e80       0xc4 ./Drivers/STM32F4xx_HAL_Driver/Src/stm32f4xx_hal_tim.o
                0x0000000008001e80                HAL_TIM_Base_Start_IT
 .text.HAL_TIM_Base_Stop_IT
                0x0000000008001f44       0x5e ./Drivers/STM32F4xx_HAL_Driver/Src/stm32f4xx_hal_tim.o
                0x0000000008001f44                HAL_TIM_Base_Stop_IT
 .text.HAL_TIM_IRQHandler
                0x0000000008001fa2      0x210 ./Drivers/STM32F4xx_HAL_Driver/Src/stm32f4xx_hal_tim.o
                0x0000000008001fa2                HAL_TIM_IRQHandler
 .text.HAL_TIM_ConfigClockSource
                0x00000000080021b2      0x18e ./Drivers/STM32F4xx_HAL_Driver/Src/stm32f4xx_hal_tim.o
                0x00000000080021b2                HAL_TIM_ConfigClockSource
 .text.HAL_TIM_OC_DelayElapsedCallback
                0x0000000008002340       0x14 ./Drivers/STM32F4xx_HAL_Driver/Src/stm32f4xx_hal_tim.o
                0x0000000008002340                HAL_TIM_OC_DelayElapsedCallback
 .text.HAL_TIM_IC_CaptureCallback
                0x0000000008002354       0x14 ./Drivers/STM32F4xx_HAL_Driver/Src/stm32f4xx_hal_tim.o
                0x0000000008002354                HAL_TIM_IC_CaptureCallback
 .text.HAL_TIM_PWM_PulseFinishedCallback
                0x0000000008002368       0x14 ./Drivers/STM32F4xx_HAL_Driver/Src/stm32f4xx_hal_tim.o
                0x0000000008002368                HAL_TIM_PWM_PulseFinishedCallback
 .text.HAL_TIM_TriggerCallback
                0x000000000800237c       0x14 ./Drivers/STM32F4xx_HAL_Driver/Src/stm32f4xx_hal_tim.o
                0x000000000800237c                HAL_TIM_TriggerCallback
 .text.TIM_Base_SetConfig
                0x0000000008002390      0x100 ./Drivers/STM32F4xx_HAL_Driver/Src/stm32f4xx_hal_tim.o
                0x0000000008002390                TIM_Base_SetConfig
 .text.TIM_TI1_ConfigInputStage
                0x0000000008002490       0x5e ./Drivers/STM32F4xx_HAL_Driver/Src/stm32f4xx_hal_tim.o
 .text.TIM_TI2_ConfigInputStage
                0x00000000080024ee       0x60 ./Drivers/STM32F4xx_HAL_Driver/Src/stm32f4xx_hal_tim.o
 .text.TIM_ITRx_SetConfig
                0x000000000800254e       0x36 ./Drivers/STM32F4xx_HAL_Driver/Src/stm32f4xx_hal_tim.o
 .text.TIM_ETR_SetConfig
                0x0000000008002584       0x40 ./Drivers/STM32F4xx_HAL_Driver/Src/stm32f4xx_hal_tim.o
                0x0000000008002584                TIM_ETR_SetConfig
 .text.HAL_TIMEx_MasterConfigSynchronization
                0x00000000080025c4       0xdc ./Drivers/STM32F4xx_HAL_Driver/Src/stm32f4xx_hal_tim_ex.o
                0x00000000080025c4                HAL_TIMEx_MasterConfigSynchronization
 .text.HAL_TIMEx_CommutCallback
                0x00000000080026a0       0x14 ./Drivers/STM32F4xx_HAL_Driver/Src/stm32f4xx_hal_tim_ex.o
                0x00000000080026a0                HAL_TIMEx_CommutCallback
 .text.HAL_TIMEx_BreakCallback
                0x00000000080026b4       0x14 ./Drivers/STM32F4xx_HAL_Driver/Src/stm32f4xx_hal_tim_ex.o
                0x00000000080026b4                HAL_TIMEx_BreakCallback
 .text.HAL_UART_Init
                0x00000000080026c8       0x9a ./Drivers/STM32F4xx_HAL_Driver/Src/stm32f4xx_hal_uart.o
                0x00000000080026c8                HAL_UART_Init
 .text.HAL_UART_Receive_IT
                0x0000000008002762       0x60 ./Drivers/STM32F4xx_HAL_Driver/Src/stm32f4xx_hal_uart.o
                0x0000000008002762                HAL_UART_Receive_IT
 *fill*         0x00000000080027c2        0x2 
 .text.HAL_UART_IRQHandler
                0x00000000080027c4      0x51c ./Drivers/STM32F4xx_HAL_Driver/Src/stm32f4xx_hal_uart.o
                0x00000000080027c4                HAL_UART_IRQHandler
 .text.HAL_UART_TxCpltCallback
                0x0000000008002ce0       0x14 ./Drivers/STM32F4xx_HAL_Driver/Src/stm32f4xx_hal_uart.o
                0x0000000008002ce0                HAL_UART_TxCpltCallback
 .text.HAL_UART_ErrorCallback
                0x0000000008002cf4       0x14 ./Drivers/STM32F4xx_HAL_Driver/Src/stm32f4xx_hal_uart.o
                0x0000000008002cf4                HAL_UART_ErrorCallback
 .text.HAL_UARTEx_RxEventCallback
                0x0000000008002d08       0x18 ./Drivers/STM32F4xx_HAL_Driver/Src/stm32f4xx_hal_uart.o
                0x0000000008002d08                HAL_UARTEx_RxEventCallback
 .text.UART_Start_Receive_IT
                0x0000000008002d20       0x74 ./Drivers/STM32F4xx_HAL_Driver/Src/stm32f4xx_hal_uart.o
                0x0000000008002d20                UART_Start_Receive_IT
 .text.UART_EndRxTransfer
                0x0000000008002d94       0xc6 ./Drivers/STM32F4xx_HAL_Driver/Src/stm32f4xx_hal_uart.o
 .text.UART_DMAAbortOnError
                0x0000000008002e5a       0x28 ./Drivers/STM32F4xx_HAL_Driver/Src/stm32f4xx_hal_uart.o
 .text.UART_Transmit_IT
                0x0000000008002e82       0xa0 ./Drivers/STM32F4xx_HAL_Driver/Src/stm32f4xx_hal_uart.o
 .text.UART_EndTransmit_IT
                0x0000000008002f22       0x30 ./Drivers/STM32F4xx_HAL_Driver/Src/stm32f4xx_hal_uart.o
 .text.UART_Receive_IT
                0x0000000008002f52      0x176 ./Drivers/STM32F4xx_HAL_Driver/Src/stm32f4xx_hal_uart.o
 .text.UART_SetConfig
                0x00000000080030c8      0x390 ./Drivers/STM32F4xx_HAL_Driver/Src/stm32f4xx_hal_uart.o
 .text.__libc_init_array
                0x0000000008003458       0x48 c:/st/stm32cubeide_1.7.0/stm32cubeide/plugins/com.st.stm32cube.ide.mcu.externaltools.gnu-tools-for-stm32.9-2020-q2-update.win32_2.0.0.202105311346/tools/bin/../lib/gcc/arm-none-eabi/9.3.1/../../../../arm-none-eabi/lib/thumb/v7e-m+fp/hard\libc_nano.a(lib_a-init.o)
                0x0000000008003458                __libc_init_array
 .text.memset   0x00000000080034a0       0x10 c:/st/stm32cubeide_1.7.0/stm32cubeide/plugins/com.st.stm32cube.ide.mcu.externaltools.gnu-tools-for-stm32.9-2020-q2-update.win32_2.0.0.202105311346/tools/bin/../lib/gcc/arm-none-eabi/9.3.1/../../../../arm-none-eabi/lib/thumb/v7e-m+fp/hard\libc_nano.a(lib_a-memset.o)
                0x00000000080034a0                memset
 *(.glue_7)
 .glue_7        0x00000000080034b0        0x0 linker stubs
 *(.glue_7t)
 .glue_7t       0x00000000080034b0        0x0 linker stubs
 *(.eh_frame)
 .eh_frame      0x00000000080034b0        0x0 c:/st/stm32cubeide_1.7.0/stm32cubeide/plugins/com.st.stm32cube.ide.mcu.externaltools.gnu-tools-for-stm32.9-2020-q2-update.win32_2.0.0.202105311346/tools/bin/../lib/gcc/arm-none-eabi/9.3.1/thumb/v7e-m+fp/hard/crtbegin.o
 *(.init)
 .init          0x00000000080034b0        0x4 c:/st/stm32cubeide_1.7.0/stm32cubeide/plugins/com.st.stm32cube.ide.mcu.externaltools.gnu-tools-for-stm32.9-2020-q2-update.win32_2.0.0.202105311346/tools/bin/../lib/gcc/arm-none-eabi/9.3.1/thumb/v7e-m+fp/hard/crti.o
                0x00000000080034b0                _init
 .init          0x00000000080034b4        0x8 c:/st/stm32cubeide_1.7.0/stm32cubeide/plugins/com.st.stm32cube.ide.mcu.externaltools.gnu-tools-for-stm32.9-2020-q2-update.win32_2.0.0.202105311346/tools/bin/../lib/gcc/arm-none-eabi/9.3.1/thumb/v7e-m+fp/hard/crtn.o
 *(.fini)
 .fini          0x00000000080034bc        0x4 c:/st/stm32cubeide_1.7.0/stm32cubeide/plugins/com.st.stm32cube.ide.mcu.externaltools.gnu-tools-for-stm32.9-2020-q2-update.win32_2.0.0.202105311346/tools/bin/../lib/gcc/arm-none-eabi/9.3.1/thumb/v7e-m+fp/hard/crti.o
                0x00000000080034bc                _fini
 .fini          0x00000000080034c0        0x8 c:/st/stm32cubeide_1.7.0/stm32cubeide/plugins/com.st.stm32cube.ide.mcu.externaltools.gnu-tools-for-stm32.9-2020-q2-update.win32_2.0.0.202105311346/tools/bin/../lib/gcc/arm-none-eabi/9.3.1/thumb/v7e-m+fp/hard/crtn.o
                0x00000000080034c8                . = ALIGN (0x4)
                0x00000000080034c8                _etext = .

.vfp11_veneer   0x00000000080034c8        0x0
 .vfp11_veneer  0x00000000080034c8        0x0 linker stubs

.v4_bx          0x00000000080034c8        0x0
 .v4_bx         0x00000000080034c8        0x0 linker stubs

.iplt           0x00000000080034c8        0x0
 .iplt          0x00000000080034c8        0x0 c:/st/stm32cubeide_1.7.0/stm32cubeide/plugins/com.st.stm32cube.ide.mcu.externaltools.gnu-tools-for-stm32.9-2020-q2-update.win32_2.0.0.202105311346/tools/bin/../lib/gcc/arm-none-eabi/9.3.1/thumb/v7e-m+fp/hard/crtbegin.o

.rodata         0x00000000080034c8       0x1c
                0x00000000080034c8                . = ALIGN (0x4)
 *(.rodata)
 *(.rodata*)
 .rodata.Table_SlaveID
                0x00000000080034c8        0x2 ./Core/Src/Modbus.o
 *fill*         0x00000000080034ca        0x2 
 .rodata.AHBPrescTable
                0x00000000080034cc       0x10 ./Core/Src/system_stm32f4xx.o
                0x00000000080034cc                AHBPrescTable
 .rodata.APBPrescTable
                0x00000000080034dc        0x8 ./Core/Src/system_stm32f4xx.o
                0x00000000080034dc                APBPrescTable
                0x00000000080034e4                . = ALIGN (0x4)

.ARM.extab      0x00000000080034e4        0x0
                0x00000000080034e4                . = ALIGN (0x4)
 *(.ARM.extab* .gnu.linkonce.armextab.*)
                0x00000000080034e4                . = ALIGN (0x4)

.ARM            0x00000000080034e4        0x8
                0x00000000080034e4                . = ALIGN (0x4)
                0x00000000080034e4                __exidx_start = .
 *(.ARM.exidx*)
 .ARM.exidx     0x00000000080034e4        0x8 c:/st/stm32cubeide_1.7.0/stm32cubeide/plugins/com.st.stm32cube.ide.mcu.externaltools.gnu-tools-for-stm32.9-2020-q2-update.win32_2.0.0.202105311346/tools/bin/../lib/gcc/arm-none-eabi/9.3.1/thumb/v7e-m+fp/hard\libgcc.a(_udivmoddi4.o)
                0x00000000080034ec                __exidx_end = .
                0x00000000080034ec                . = ALIGN (0x4)

.rel.dyn        0x00000000080034ec        0x0
 .rel.iplt      0x00000000080034ec        0x0 c:/st/stm32cubeide_1.7.0/stm32cubeide/plugins/com.st.stm32cube.ide.mcu.externaltools.gnu-tools-for-stm32.9-2020-q2-update.win32_2.0.0.202105311346/tools/bin/../lib/gcc/arm-none-eabi/9.3.1/thumb/v7e-m+fp/hard/crtbegin.o

.preinit_array  0x00000000080034ec        0x0
                0x00000000080034ec                . = ALIGN (0x4)
                0x00000000080034ec                PROVIDE (__preinit_array_start = .)
 *(.preinit_array*)
                0x00000000080034ec                PROVIDE (__preinit_array_end = .)
                0x00000000080034ec                . = ALIGN (0x4)

.init_array     0x00000000080034ec        0x4
                0x00000000080034ec                . = ALIGN (0x4)
                0x00000000080034ec                PROVIDE (__init_array_start = .)
 *(SORT_BY_NAME(.init_array.*))
 *(.init_array*)
 .init_array    0x00000000080034ec        0x4 c:/st/stm32cubeide_1.7.0/stm32cubeide/plugins/com.st.stm32cube.ide.mcu.externaltools.gnu-tools-for-stm32.9-2020-q2-update.win32_2.0.0.202105311346/tools/bin/../lib/gcc/arm-none-eabi/9.3.1/thumb/v7e-m+fp/hard/crtbegin.o
                0x00000000080034f0                PROVIDE (__init_array_end = .)
                0x00000000080034f0                . = ALIGN (0x4)

.fini_array     0x00000000080034f0        0x4
                0x00000000080034f0                . = ALIGN (0x4)
                [!provide]                        PROVIDE (__fini_array_start = .)
 *(SORT_BY_NAME(.fini_array.*))
 *(.fini_array*)
 .fini_array    0x00000000080034f0        0x4 c:/st/stm32cubeide_1.7.0/stm32cubeide/plugins/com.st.stm32cube.ide.mcu.externaltools.gnu-tools-for-stm32.9-2020-q2-update.win32_2.0.0.202105311346/tools/bin/../lib/gcc/arm-none-eabi/9.3.1/thumb/v7e-m+fp/hard/crtbegin.o
                [!provide]                        PROVIDE (__fini_array_end = .)
                0x00000000080034f4                . = ALIGN (0x4)
                0x00000000080034f4                _sidata = LOADADDR (.data)

.data           0x0000000020000000       0x10 load address 0x00000000080034f4
                0x0000000020000000                . = ALIGN (0x4)
                0x0000000020000000                _sdata = .
 *(.data)
 *(.data*)
 .data.RX_State.9773
                0x0000000020000000        0x1 ./Core/Src/Modbus.o
 *fill*         0x0000000020000001        0x3 
 .data.SystemCoreClock
                0x0000000020000004        0x4 ./Core/Src/system_stm32f4xx.o
                0x0000000020000004                SystemCoreClock
 .data.uwTickPrio
                0x0000000020000008        0x4 ./Drivers/STM32F4xx_HAL_Driver/Src/stm32f4xx_hal.o
                0x0000000020000008                uwTickPrio
 .data.uwTickFreq
                0x000000002000000c        0x1 ./Drivers/STM32F4xx_HAL_Driver/Src/stm32f4xx_hal.o
                0x000000002000000c                uwTickFreq
 *(.RamFunc)
 *(.RamFunc*)
                0x0000000020000010                . = ALIGN (0x4)
 *fill*         0x000000002000000d        0x3 
                0x0000000020000010                _edata = .

.igot.plt       0x0000000020000010        0x0 load address 0x0000000008003504
 .igot.plt      0x0000000020000010        0x0 c:/st/stm32cubeide_1.7.0/stm32cubeide/plugins/com.st.stm32cube.ide.mcu.externaltools.gnu-tools-for-stm32.9-2020-q2-update.win32_2.0.0.202105311346/tools/bin/../lib/gcc/arm-none-eabi/9.3.1/thumb/v7e-m+fp/hard/crtbegin.o
                0x0000000020000010                . = ALIGN (0x4)

.bss            0x0000000020000010      0x514 load address 0x0000000008003504
                0x0000000020000010                _sbss = .
                0x0000000020000010                __bss_start__ = _sbss
 *(.bss)
 .bss           0x0000000020000010       0x1c c:/st/stm32cubeide_1.7.0/stm32cubeide/plugins/com.st.stm32cube.ide.mcu.externaltools.gnu-tools-for-stm32.9-2020-q2-update.win32_2.0.0.202105311346/tools/bin/../lib/gcc/arm-none-eabi/9.3.1/thumb/v7e-m+fp/hard/crtbegin.o
 *(.bss*)
 .bss.RX_DataCnt
                0x000000002000002c        0x2 ./Core/Src/Modbus.o
                0x000000002000002c                RX_DataCnt
 *fill*         0x000000002000002e        0x2 
 .bss.MB_RxBuf  0x0000000020000030       0x14 ./Core/Src/Modbus.o
                0x0000000020000030                MB_RxBuf
 .bss.RX_Data   0x0000000020000044        0x1 ./Core/Src/Modbus.o
                0x0000000020000044                RX_Data
 .bss.RxTimerFlag
                0x0000000020000045        0x1 ./Core/Src/Timer.o
                0x0000000020000045                RxTimerFlag
 .bss.RxTimerCnt
                0x0000000020000046        0x2 ./Core/Src/Timer.o
                0x0000000020000046                RxTimerCnt
 *(COMMON)
 COMMON         0x0000000020000048      0x408 ./Core/Src/Modbus.o
                0x0000000020000048                packetHandle
                0x000000002000043c                table
 COMMON         0x0000000020000450       0xd0 ./Core/Src/main.o
                0x0000000020000450                htim1
                0x0000000020000498                huart6
                0x00000000200004dc                huart2
 COMMON         0x0000000020000520        0x4 ./Drivers/STM32F4xx_HAL_Driver/Src/stm32f4xx_hal.o
                0x0000000020000520                uwTick
                0x0000000020000524                . = ALIGN (0x4)
                0x0000000020000524                _ebss = .
                0x0000000020000524                __bss_end__ = _ebss

._user_heap_stack
                0x0000000020000524      0x604 load address 0x0000000008003504
                0x0000000020000528                . = ALIGN (0x8)
 *fill*         0x0000000020000524        0x4 
                [!provide]                        PROVIDE (end = .)
                0x0000000020000528                PROVIDE (_end = .)
                0x0000000020000728                . = (. + _Min_Heap_Size)
 *fill*         0x0000000020000528      0x200 
                0x0000000020000b28                . = (. + _Min_Stack_Size)
 *fill*         0x0000000020000728      0x400 
                0x0000000020000b28                . = ALIGN (0x8)

/DISCARD/
 libc.a(*)
 libm.a(*)
 libgcc.a(*)

.ARM.attributes
                0x0000000000000000       0x30
 *(.ARM.attributes)
 .ARM.attributes
                0x0000000000000000       0x1e c:/st/stm32cubeide_1.7.0/stm32cubeide/plugins/com.st.stm32cube.ide.mcu.externaltools.gnu-tools-for-stm32.9-2020-q2-update.win32_2.0.0.202105311346/tools/bin/../lib/gcc/arm-none-eabi/9.3.1/thumb/v7e-m+fp/hard/crti.o
 .ARM.attributes
                0x000000000000001e       0x34 c:/st/stm32cubeide_1.7.0/stm32cubeide/plugins/com.st.stm32cube.ide.mcu.externaltools.gnu-tools-for-stm32.9-2020-q2-update.win32_2.0.0.202105311346/tools/bin/../lib/gcc/arm-none-eabi/9.3.1/thumb/v7e-m+fp/hard/crtbegin.o
 .ARM.attributes
                0x0000000000000052       0x34 ./Core/Src/Modbus.o
 .ARM.attributes
                0x0000000000000086       0x34 ./Core/Src/Timer.o
 .ARM.attributes
                0x00000000000000ba       0x34 ./Core/Src/main.o
 .ARM.attributes
                0x00000000000000ee       0x34 ./Core/Src/stm32f4xx_hal_msp.o
 .ARM.attributes
                0x0000000000000122       0x34 ./Core/Src/stm32f4xx_it.o
 .ARM.attributes
                0x0000000000000156       0x34 ./Core/Src/system_stm32f4xx.o
 .ARM.attributes
                0x000000000000018a       0x34 ./Core/Src/uart.o
 .ARM.attributes
                0x00000000000001be       0x21 ./Core/Startup/startup_stm32f411retx.o
 .ARM.attributes
                0x00000000000001df       0x34 ./Drivers/STM32F4xx_HAL_Driver/Src/stm32f4xx_hal.o
 .ARM.attributes
                0x0000000000000213       0x34 ./Drivers/STM32F4xx_HAL_Driver/Src/stm32f4xx_hal_cortex.o
 .ARM.attributes
                0x0000000000000247       0x34 ./Drivers/STM32F4xx_HAL_Driver/Src/stm32f4xx_hal_dma.o
 .ARM.attributes
                0x000000000000027b       0x34 ./Drivers/STM32F4xx_HAL_Driver/Src/stm32f4xx_hal_gpio.o
 .ARM.attributes
                0x00000000000002af       0x34 ./Drivers/STM32F4xx_HAL_Driver/Src/stm32f4xx_hal_rcc.o
 .ARM.attributes
                0x00000000000002e3       0x34 ./Drivers/STM32F4xx_HAL_Driver/Src/stm32f4xx_hal_tim.o
 .ARM.attributes
                0x0000000000000317       0x34 ./Drivers/STM32F4xx_HAL_Driver/Src/stm32f4xx_hal_tim_ex.o
 .ARM.attributes
                0x000000000000034b       0x34 ./Drivers/STM32F4xx_HAL_Driver/Src/stm32f4xx_hal_uart.o
 .ARM.attributes
                0x000000000000037f       0x34 c:/st/stm32cubeide_1.7.0/stm32cubeide/plugins/com.st.stm32cube.ide.mcu.externaltools.gnu-tools-for-stm32.9-2020-q2-update.win32_2.0.0.202105311346/tools/bin/../lib/gcc/arm-none-eabi/9.3.1/../../../../arm-none-eabi/lib/thumb/v7e-m+fp/hard\libc_nano.a(lib_a-init.o)
 .ARM.attributes
                0x00000000000003b3       0x34 c:/st/stm32cubeide_1.7.0/stm32cubeide/plugins/com.st.stm32cube.ide.mcu.externaltools.gnu-tools-for-stm32.9-2020-q2-update.win32_2.0.0.202105311346/tools/bin/../lib/gcc/arm-none-eabi/9.3.1/../../../../arm-none-eabi/lib/thumb/v7e-m+fp/hard\libc_nano.a(lib_a-memset.o)
 .ARM.attributes
                0x00000000000003e7       0x1e c:/st/stm32cubeide_1.7.0/stm32cubeide/plugins/com.st.stm32cube.ide.mcu.externaltools.gnu-tools-for-stm32.9-2020-q2-update.win32_2.0.0.202105311346/tools/bin/../lib/gcc/arm-none-eabi/9.3.1/thumb/v7e-m+fp/hard\libgcc.a(_aeabi_uldivmod.o)
 .ARM.attributes
                0x0000000000000405       0x34 c:/st/stm32cubeide_1.7.0/stm32cubeide/plugins/com.st.stm32cube.ide.mcu.externaltools.gnu-tools-for-stm32.9-2020-q2-update.win32_2.0.0.202105311346/tools/bin/../lib/gcc/arm-none-eabi/9.3.1/thumb/v7e-m+fp/hard\libgcc.a(_udivmoddi4.o)
 .ARM.attributes
                0x0000000000000439       0x1e c:/st/stm32cubeide_1.7.0/stm32cubeide/plugins/com.st.stm32cube.ide.mcu.externaltools.gnu-tools-for-stm32.9-2020-q2-update.win32_2.0.0.202105311346/tools/bin/../lib/gcc/arm-none-eabi/9.3.1/thumb/v7e-m+fp/hard\libgcc.a(_dvmd_tls.o)
 .ARM.attributes
                0x0000000000000457       0x1e c:/st/stm32cubeide_1.7.0/stm32cubeide/plugins/com.st.stm32cube.ide.mcu.externaltools.gnu-tools-for-stm32.9-2020-q2-update.win32_2.0.0.202105311346/tools/bin/../lib/gcc/arm-none-eabi/9.3.1/thumb/v7e-m+fp/hard/crtn.o
OUTPUT(DAQ.elf elf32-littlearm)
LOAD linker stubs
LOAD c:/st/stm32cubeide_1.7.0/stm32cubeide/plugins/com.st.stm32cube.ide.mcu.externaltools.gnu-tools-for-stm32.9-2020-q2-update.win32_2.0.0.202105311346/tools/bin/../lib/gcc/arm-none-eabi/9.3.1/../../../../arm-none-eabi/lib/thumb/v7e-m+fp/hard\libc.a
LOAD c:/st/stm32cubeide_1.7.0/stm32cubeide/plugins/com.st.stm32cube.ide.mcu.externaltools.gnu-tools-for-stm32.9-2020-q2-update.win32_2.0.0.202105311346/tools/bin/../lib/gcc/arm-none-eabi/9.3.1/../../../../arm-none-eabi/lib/thumb/v7e-m+fp/hard\libm.a
LOAD c:/st/stm32cubeide_1.7.0/stm32cubeide/plugins/com.st.stm32cube.ide.mcu.externaltools.gnu-tools-for-stm32.9-2020-q2-update.win32_2.0.0.202105311346/tools/bin/../lib/gcc/arm-none-eabi/9.3.1/thumb/v7e-m+fp/hard\libgcc.a

.debug_info     0x0000000000000000    0x11e53
 .debug_info    0x0000000000000000     0x1568 ./Core/Src/Modbus.o
 .debug_info    0x0000000000001568     0x118b ./Core/Src/Timer.o
 .debug_info    0x00000000000026f3     0x1c29 ./Core/Src/main.o
 .debug_info    0x000000000000431c      0xf9c ./Core/Src/stm32f4xx_hal_msp.o
 .debug_info    0x00000000000052b8      0xabd ./Core/Src/stm32f4xx_it.o
 .debug_info    0x0000000000005d75      0x5d0 ./Core/Src/system_stm32f4xx.o
 .debug_info    0x0000000000006345     0x13ce ./Core/Src/uart.o
 .debug_info    0x0000000000007713       0x22 ./Core/Startup/startup_stm32f411retx.o
 .debug_info    0x0000000000007735      0x944 ./Drivers/STM32F4xx_HAL_Driver/Src/stm32f4xx_hal.o
 .debug_info    0x0000000000008079      0xe47 ./Drivers/STM32F4xx_HAL_Driver/Src/stm32f4xx_hal_cortex.o
 .debug_info    0x0000000000008ec0      0x9e9 ./Drivers/STM32F4xx_HAL_Driver/Src/stm32f4xx_hal_dma.o
 .debug_info    0x00000000000098a9      0x862 ./Drivers/STM32F4xx_HAL_Driver/Src/stm32f4xx_hal_gpio.o
 .debug_info    0x000000000000a10b      0x9be ./Drivers/STM32F4xx_HAL_Driver/Src/stm32f4xx_hal_rcc.o
 .debug_info    0x000000000000aac9     0x2c1a ./Drivers/STM32F4xx_HAL_Driver/Src/stm32f4xx_hal_tim.o
 .debug_info    0x000000000000d6e3     0x159a ./Drivers/STM32F4xx_HAL_Driver/Src/stm32f4xx_hal_tim_ex.o
 .debug_info    0x000000000000ec7d     0x31d6 ./Drivers/STM32F4xx_HAL_Driver/Src/stm32f4xx_hal_uart.o

.debug_abbrev   0x0000000000000000     0x23d0
 .debug_abbrev  0x0000000000000000      0x33c ./Core/Src/Modbus.o
 .debug_abbrev  0x000000000000033c      0x25c ./Core/Src/Timer.o
 .debug_abbrev  0x0000000000000598      0x370 ./Core/Src/main.o
 .debug_abbrev  0x0000000000000908      0x1e4 ./Core/Src/stm32f4xx_hal_msp.o
 .debug_abbrev  0x0000000000000aec      0x1a1 ./Core/Src/stm32f4xx_it.o
 .debug_abbrev  0x0000000000000c8d      0x145 ./Core/Src/system_stm32f4xx.o
 .debug_abbrev  0x0000000000000dd2      0x231 ./Core/Src/uart.o
 .debug_abbrev  0x0000000000001003       0x12 ./Core/Startup/startup_stm32f411retx.o
 .debug_abbrev  0x0000000000001015      0x21e ./Drivers/STM32F4xx_HAL_Driver/Src/stm32f4xx_hal.o
 .debug_abbrev  0x0000000000001233      0x33c ./Drivers/STM32F4xx_HAL_Driver/Src/stm32f4xx_hal_cortex.o
 .debug_abbrev  0x000000000000156f      0x219 ./Drivers/STM32F4xx_HAL_Driver/Src/stm32f4xx_hal_dma.o
 .debug_abbrev  0x0000000000001788      0x1f1 ./Drivers/STM32F4xx_HAL_Driver/Src/stm32f4xx_hal_gpio.o
 .debug_abbrev  0x0000000000001979      0x275 ./Drivers/STM32F4xx_HAL_Driver/Src/stm32f4xx_hal_rcc.o
 .debug_abbrev  0x0000000000001bee      0x26f ./Drivers/STM32F4xx_HAL_Driver/Src/stm32f4xx_hal_tim.o
 .debug_abbrev  0x0000000000001e5d      0x277 ./Drivers/STM32F4xx_HAL_Driver/Src/stm32f4xx_hal_tim_ex.o
 .debug_abbrev  0x00000000000020d4      0x2fc ./Drivers/STM32F4xx_HAL_Driver/Src/stm32f4xx_hal_uart.o

.debug_aranges  0x0000000000000000      0xd18
 .debug_aranges
                0x0000000000000000       0x88 ./Core/Src/Modbus.o
 .debug_aranges
                0x0000000000000088       0x30 ./Core/Src/Timer.o
 .debug_aranges
                0x00000000000000b8       0x68 ./Core/Src/main.o
 .debug_aranges
                0x0000000000000120       0x40 ./Core/Src/stm32f4xx_hal_msp.o
 .debug_aranges
                0x0000000000000160       0x90 ./Core/Src/stm32f4xx_it.o
 .debug_aranges
                0x00000000000001f0       0x28 ./Core/Src/system_stm32f4xx.o
 .debug_aranges
                0x0000000000000218       0x28 ./Core/Src/uart.o
 .debug_aranges
                0x0000000000000240       0x28 ./Core/Startup/startup_stm32f411retx.o
 .debug_aranges
                0x0000000000000268       0xf0 ./Drivers/STM32F4xx_HAL_Driver/Src/stm32f4xx_hal.o
 .debug_aranges
                0x0000000000000358      0x118 ./Drivers/STM32F4xx_HAL_Driver/Src/stm32f4xx_hal_cortex.o
 .debug_aranges
                0x0000000000000470       0x90 ./Drivers/STM32F4xx_HAL_Driver/Src/stm32f4xx_hal_dma.o
 .debug_aranges
                0x0000000000000500       0x58 ./Drivers/STM32F4xx_HAL_Driver/Src/stm32f4xx_hal_gpio.o
 .debug_aranges
                0x0000000000000558       0x88 ./Drivers/STM32F4xx_HAL_Driver/Src/stm32f4xx_hal_rcc.o
 .debug_aranges
                0x00000000000005e0      0x3d0 ./Drivers/STM32F4xx_HAL_Driver/Src/stm32f4xx_hal_tim.o
 .debug_aranges
                0x00000000000009b0      0x168 ./Drivers/STM32F4xx_HAL_Driver/Src/stm32f4xx_hal_tim_ex.o
 .debug_aranges
                0x0000000000000b18      0x200 ./Drivers/STM32F4xx_HAL_Driver/Src/stm32f4xx_hal_uart.o

.debug_ranges   0x0000000000000000      0xc50
 .debug_ranges  0x0000000000000000       0x78 ./Core/Src/Modbus.o
 .debug_ranges  0x0000000000000078       0x20 ./Core/Src/Timer.o
 .debug_ranges  0x0000000000000098       0x58 ./Core/Src/main.o
 .debug_ranges  0x00000000000000f0       0x30 ./Core/Src/stm32f4xx_hal_msp.o
 .debug_ranges  0x0000000000000120       0x80 ./Core/Src/stm32f4xx_it.o
 .debug_ranges  0x00000000000001a0       0x18 ./Core/Src/system_stm32f4xx.o
 .debug_ranges  0x00000000000001b8       0x18 ./Core/Src/uart.o
 .debug_ranges  0x00000000000001d0       0x20 ./Core/Startup/startup_stm32f411retx.o
 .debug_ranges  0x00000000000001f0       0xe0 ./Drivers/STM32F4xx_HAL_Driver/Src/stm32f4xx_hal.o
 .debug_ranges  0x00000000000002d0      0x108 ./Drivers/STM32F4xx_HAL_Driver/Src/stm32f4xx_hal_cortex.o
 .debug_ranges  0x00000000000003d8       0x80 ./Drivers/STM32F4xx_HAL_Driver/Src/stm32f4xx_hal_dma.o
 .debug_ranges  0x0000000000000458       0x48 ./Drivers/STM32F4xx_HAL_Driver/Src/stm32f4xx_hal_gpio.o
 .debug_ranges  0x00000000000004a0       0x78 ./Drivers/STM32F4xx_HAL_Driver/Src/stm32f4xx_hal_rcc.o
 .debug_ranges  0x0000000000000518      0x3c0 ./Drivers/STM32F4xx_HAL_Driver/Src/stm32f4xx_hal_tim.o
 .debug_ranges  0x00000000000008d8      0x158 ./Drivers/STM32F4xx_HAL_Driver/Src/stm32f4xx_hal_tim_ex.o
 .debug_ranges  0x0000000000000a30      0x220 ./Drivers/STM32F4xx_HAL_Driver/Src/stm32f4xx_hal_uart.o

.debug_macro    0x0000000000000000    0x17056
 .debug_macro   0x0000000000000000      0x3c6 ./Core/Src/Modbus.o
 .debug_macro   0x00000000000003c6      0xaa8 ./Core/Src/Modbus.o
 .debug_macro   0x0000000000000e6e      0x29b ./Core/Src/Modbus.o
 .debug_macro   0x0000000000001109       0x2e ./Core/Src/Modbus.o
 .debug_macro   0x0000000000001137       0x28 ./Core/Src/Modbus.o
 .debug_macro   0x000000000000115f       0x22 ./Core/Src/Modbus.o
 .debug_macro   0x0000000000001181       0x8e ./Core/Src/Modbus.o
 .debug_macro   0x000000000000120f       0x51 ./Core/Src/Modbus.o
 .debug_macro   0x0000000000001260      0x103 ./Core/Src/Modbus.o
 .debug_macro   0x0000000000001363       0x6a ./Core/Src/Modbus.o
 .debug_macro   0x00000000000013cd      0x1df ./Core/Src/Modbus.o
 .debug_macro   0x00000000000015ac       0x1c ./Core/Src/Modbus.o
 .debug_macro   0x00000000000015c8       0x22 ./Core/Src/Modbus.o
 .debug_macro   0x00000000000015ea       0xdf ./Core/Src/Modbus.o
 .debug_macro   0x00000000000016c9     0x102d ./Core/Src/Modbus.o
 .debug_macro   0x00000000000026f6      0x11f ./Core/Src/Modbus.o
 .debug_macro   0x0000000000002815     0xb953 ./Core/Src/Modbus.o
 .debug_macro   0x000000000000e168       0x6d ./Core/Src/Modbus.o
 .debug_macro   0x000000000000e1d5     0x3666 ./Core/Src/Modbus.o
 .debug_macro   0x000000000001183b      0x174 ./Core/Src/Modbus.o
 .debug_macro   0x00000000000119af       0x5c ./Core/Src/Modbus.o
 .debug_macro   0x0000000000011a0b      0x447 ./Core/Src/Modbus.o
 .debug_macro   0x0000000000011e52      0x9fe ./Core/Src/Modbus.o
 .debug_macro   0x0000000000012850      0x116 ./Core/Src/Modbus.o
 .debug_macro   0x0000000000012966      0x11b ./Core/Src/Modbus.o
 .debug_macro   0x0000000000012a81       0xa5 ./Core/Src/Modbus.o
 .debug_macro   0x0000000000012b26      0x15f ./Core/Src/Modbus.o
 .debug_macro   0x0000000000012c85      0x287 ./Core/Src/Modbus.o
 .debug_macro   0x0000000000012f0c       0x5f ./Core/Src/Modbus.o
 .debug_macro   0x0000000000012f6b      0x236 ./Core/Src/Modbus.o
 .debug_macro   0x00000000000131a1      0x132 ./Core/Src/Modbus.o
 .debug_macro   0x00000000000132d3      0x264 ./Core/Src/Modbus.o
 .debug_macro   0x0000000000013537       0x2e ./Core/Src/Modbus.o
 .debug_macro   0x0000000000013565      0x11a ./Core/Src/Modbus.o
 .debug_macro   0x000000000001367f       0x85 ./Core/Src/Modbus.o
 .debug_macro   0x0000000000013704       0x89 ./Core/Src/Modbus.o
 .debug_macro   0x000000000001378d      0x8d1 ./Core/Src/Modbus.o
 .debug_macro   0x000000000001405e       0x47 ./Core/Src/Modbus.o
 .debug_macro   0x00000000000140a5      0x295 ./Core/Src/Modbus.o
 .debug_macro   0x000000000001433a      0x126 ./Core/Src/Modbus.o
 .debug_macro   0x0000000000014460       0x58 ./Core/Src/Modbus.o
 .debug_macro   0x00000000000144b8       0x22 ./Core/Src/Modbus.o
 .debug_macro   0x00000000000144da       0x18 ./Core/Src/Modbus.o
 .debug_macro   0x00000000000144f2       0x52 ./Core/Src/Modbus.o
 .debug_macro   0x0000000000014544       0x3c ./Core/Src/Modbus.o
 .debug_macro   0x0000000000014580       0x34 ./Core/Src/Modbus.o
 .debug_macro   0x00000000000145b4       0x16 ./Core/Src/Modbus.o
 .debug_macro   0x00000000000145ca       0x35 ./Core/Src/Modbus.o
 .debug_macro   0x00000000000145ff       0x16 ./Core/Src/Modbus.o
 .debug_macro   0x0000000000014615       0x43 ./Core/Src/Modbus.o
 .debug_macro   0x0000000000014658       0x34 ./Core/Src/Modbus.o
 .debug_macro   0x000000000001468c       0x10 ./Core/Src/Modbus.o
 .debug_macro   0x000000000001469c       0x58 ./Core/Src/Modbus.o
 .debug_macro   0x00000000000146f4       0x71 ./Core/Src/Modbus.o
 .debug_macro   0x0000000000014765       0x1c ./Core/Src/Modbus.o
 .debug_macro   0x0000000000014781      0x12a ./Core/Src/Modbus.o
 .debug_macro   0x00000000000148ab      0x333 ./Core/Src/Modbus.o
 .debug_macro   0x0000000000014bde       0x16 ./Core/Src/Modbus.o
 .debug_macro   0x0000000000014bf4       0x29 ./Core/Src/Modbus.o
 .debug_macro   0x0000000000014c1d       0x1c ./Core/Src/Modbus.o
 .debug_macro   0x0000000000014c39       0x10 ./Core/Src/Modbus.o
 .debug_macro   0x0000000000014c49       0x10 ./Core/Src/Modbus.o
 .debug_macro   0x0000000000014c59       0x1c ./Core/Src/Modbus.o
 .debug_macro   0x0000000000014c75       0x52 ./Core/Src/Modbus.o
 .debug_macro   0x0000000000014cc7       0x22 ./Core/Src/Modbus.o
 .debug_macro   0x0000000000014ce9       0x10 ./Core/Src/Modbus.o
 .debug_macro   0x0000000000014cf9       0x40 ./Core/Src/Modbus.o
 .debug_macro   0x0000000000014d39       0xd5 ./Core/Src/Modbus.o
 .debug_macro   0x0000000000014e0e       0x1c ./Core/Src/Modbus.o
 .debug_macro   0x0000000000014e2a       0x3d ./Core/Src/Modbus.o
 .debug_macro   0x0000000000014e67       0x16 ./Core/Src/Modbus.o
 .debug_macro   0x0000000000014e7d      0x145 ./Core/Src/Modbus.o
 .debug_macro   0x0000000000014fc2       0x16 ./Core/Src/Modbus.o
 .debug_macro   0x0000000000014fd8       0x20 ./Core/Src/Modbus.o
 .debug_macro   0x0000000000014ff8       0x58 ./Core/Src/Modbus.o
 .debug_macro   0x0000000000015050      0x3ca ./Core/Src/Timer.o
 .debug_macro   0x000000000001541a      0x3d4 ./Core/Src/main.o
 .debug_macro   0x00000000000157ee      0x1dd ./Core/Src/stm32f4xx_hal_msp.o
 .debug_macro   0x00000000000159cb      0x1e7 ./Core/Src/stm32f4xx_it.o
 .debug_macro   0x0000000000015bb2      0x1ce ./Core/Src/system_stm32f4xx.o
 .debug_macro   0x0000000000015d80      0x3d4 ./Core/Src/uart.o
 .debug_macro   0x0000000000016154      0x22e ./Drivers/STM32F4xx_HAL_Driver/Src/stm32f4xx_hal.o
 .debug_macro   0x0000000000016382      0x1ce ./Drivers/STM32F4xx_HAL_Driver/Src/stm32f4xx_hal_cortex.o
 .debug_macro   0x0000000000016550      0x1d4 ./Drivers/STM32F4xx_HAL_Driver/Src/stm32f4xx_hal_dma.o
 .debug_macro   0x0000000000016724      0x1d4 ./Drivers/STM32F4xx_HAL_Driver/Src/stm32f4xx_hal_gpio.o
 .debug_macro   0x00000000000168f8      0x1f2 ./Drivers/STM32F4xx_HAL_Driver/Src/stm32f4xx_hal_rcc.o
 .debug_macro   0x0000000000016aea      0x1cf ./Drivers/STM32F4xx_HAL_Driver/Src/stm32f4xx_hal_tim.o
 .debug_macro   0x0000000000016cb9      0x1ce ./Drivers/STM32F4xx_HAL_Driver/Src/stm32f4xx_hal_tim_ex.o
 .debug_macro   0x0000000000016e87      0x1cf ./Drivers/STM32F4xx_HAL_Driver/Src/stm32f4xx_hal_uart.o

.debug_line     0x0000000000000000     0xf6e0
 .debug_line    0x0000000000000000      0xbff ./Core/Src/Modbus.o
 .debug_line    0x0000000000000bff      0x99e ./Core/Src/Timer.o
 .debug_line    0x000000000000159d      0xb2f ./Core/Src/main.o
 .debug_line    0x00000000000020cc      0x785 ./Core/Src/stm32f4xx_hal_msp.o
 .debug_line    0x0000000000002851      0x819 ./Core/Src/stm32f4xx_it.o
 .debug_line    0x000000000000306a      0x748 ./Core/Src/system_stm32f4xx.o
 .debug_line    0x00000000000037b2      0x97f ./Core/Src/uart.o
 .debug_line    0x0000000000004131       0x88 ./Core/Startup/startup_stm32f411retx.o
 .debug_line    0x00000000000041b9      0x9ae ./Drivers/STM32F4xx_HAL_Driver/Src/stm32f4xx_hal.o
 .debug_line    0x0000000000004b67      0xc5d ./Drivers/STM32F4xx_HAL_Driver/Src/stm32f4xx_hal_cortex.o
 .debug_line    0x00000000000057c4      0xf13 ./Drivers/STM32F4xx_HAL_Driver/Src/stm32f4xx_hal_dma.o
 .debug_line    0x00000000000066d7      0xae8 ./Drivers/STM32F4xx_HAL_Driver/Src/stm32f4xx_hal_gpio.o
 .debug_line    0x00000000000071bf      0xd2a ./Drivers/STM32F4xx_HAL_Driver/Src/stm32f4xx_hal_rcc.o
 .debug_line    0x0000000000007ee9     0x347c ./Drivers/STM32F4xx_HAL_Driver/Src/stm32f4xx_hal_tim.o
 .debug_line    0x000000000000b365     0x1946 ./Drivers/STM32F4xx_HAL_Driver/Src/stm32f4xx_hal_tim_ex.o
 .debug_line    0x000000000000ccab     0x2a35 ./Drivers/STM32F4xx_HAL_Driver/Src/stm32f4xx_hal_uart.o

.debug_str      0x0000000000000000    0x8e6c5
 .debug_str     0x0000000000000000    0x8b15c ./Core/Src/Modbus.o
                                      0x8b543 (size before relaxing)
 .debug_str     0x000000000008b15c       0x60 ./Core/Src/Timer.o
                                      0x8b349 (size before relaxing)
 .debug_str     0x000000000008b1bc      0x996 ./Core/Src/main.o
                                      0x8bcba (size before relaxing)
 .debug_str     0x000000000008bb52       0x8c ./Core/Src/stm32f4xx_hal_msp.o
                                      0x876b3 (size before relaxing)
 .debug_str     0x000000000008bbde      0x144 ./Core/Src/stm32f4xx_it.o
                                      0x8726c (size before relaxing)
 .debug_str     0x000000000008bd22       0xaf ./Core/Src/system_stm32f4xx.o
                                      0x86a97 (size before relaxing)
 .debug_str     0x000000000008bdd1       0x2b ./Core/Src/uart.o
                                      0x8b527 (size before relaxing)
 .debug_str     0x000000000008bdfc       0x36 ./Core/Startup/startup_stm32f411retx.o
                                         0x70 (size before relaxing)
 .debug_str     0x000000000008be32      0x58d ./Drivers/STM32F4xx_HAL_Driver/Src/stm32f4xx_hal.o
                                      0x87421 (size before relaxing)
 .debug_str     0x000000000008c3bf      0x399 ./Drivers/STM32F4xx_HAL_Driver/Src/stm32f4xx_hal_cortex.o
                                      0x871fe (size before relaxing)
 .debug_str     0x000000000008c758      0x31d ./Drivers/STM32F4xx_HAL_Driver/Src/stm32f4xx_hal_dma.o
                                      0x86eaf (size before relaxing)
 .debug_str     0x000000000008ca75      0x15f ./Drivers/STM32F4xx_HAL_Driver/Src/stm32f4xx_hal_gpio.o
                                      0x86c3e (size before relaxing)
 .debug_str     0x000000000008cbd4      0x259 ./Drivers/STM32F4xx_HAL_Driver/Src/stm32f4xx_hal_rcc.o
                                      0x86e99 (size before relaxing)
 .debug_str     0x000000000008ce2d      0xdc3 ./Drivers/STM32F4xx_HAL_Driver/Src/stm32f4xx_hal_tim.o
                                      0x87db4 (size before relaxing)
 .debug_str     0x000000000008dbf0      0x4ee ./Drivers/STM32F4xx_HAL_Driver/Src/stm32f4xx_hal_tim_ex.o
                                      0x87565 (size before relaxing)
 .debug_str     0x000000000008e0de      0x5e7 ./Drivers/STM32F4xx_HAL_Driver/Src/stm32f4xx_hal_uart.o
                                      0x8740d (size before relaxing)

.comment        0x0000000000000000       0x53
 .comment       0x0000000000000000       0x53 ./Core/Src/Modbus.o
                                         0x54 (size before relaxing)
 .comment       0x0000000000000053       0x54 ./Core/Src/Timer.o
 .comment       0x0000000000000053       0x54 ./Core/Src/main.o
 .comment       0x0000000000000053       0x54 ./Core/Src/stm32f4xx_hal_msp.o
 .comment       0x0000000000000053       0x54 ./Core/Src/stm32f4xx_it.o
 .comment       0x0000000000000053       0x54 ./Core/Src/system_stm32f4xx.o
 .comment       0x0000000000000053       0x54 ./Core/Src/uart.o
 .comment       0x0000000000000053       0x54 ./Drivers/STM32F4xx_HAL_Driver/Src/stm32f4xx_hal.o
 .comment       0x0000000000000053       0x54 ./Drivers/STM32F4xx_HAL_Driver/Src/stm32f4xx_hal_cortex.o
 .comment       0x0000000000000053       0x54 ./Drivers/STM32F4xx_HAL_Driver/Src/stm32f4xx_hal_dma.o
 .comment       0x0000000000000053       0x54 ./Drivers/STM32F4xx_HAL_Driver/Src/stm32f4xx_hal_gpio.o
 .comment       0x0000000000000053       0x54 ./Drivers/STM32F4xx_HAL_Driver/Src/stm32f4xx_hal_rcc.o
 .comment       0x0000000000000053       0x54 ./Drivers/STM32F4xx_HAL_Driver/Src/stm32f4xx_hal_tim.o
 .comment       0x0000000000000053       0x54 ./Drivers/STM32F4xx_HAL_Driver/Src/stm32f4xx_hal_tim_ex.o
 .comment       0x0000000000000053       0x54 ./Drivers/STM32F4xx_HAL_Driver/Src/stm32f4xx_hal_uart.o

.debug_frame    0x0000000000000000     0x3638
 .debug_frame   0x0000000000000000      0x1e0 ./Core/Src/Modbus.o
 .debug_frame   0x00000000000001e0       0x7c ./Core/Src/Timer.o
 .debug_frame   0x000000000000025c      0x150 ./Core/Src/main.o
 .debug_frame   0x00000000000003ac       0xc8 ./Core/Src/stm32f4xx_hal_msp.o
 .debug_frame   0x0000000000000474      0x1ac ./Core/Src/stm32f4xx_it.o
 .debug_frame   0x0000000000000620       0x58 ./Core/Src/system_stm32f4xx.o
 .debug_frame   0x0000000000000678       0x5c ./Core/Src/uart.o
 .debug_frame   0x00000000000006d4      0x374 ./Drivers/STM32F4xx_HAL_Driver/Src/stm32f4xx_hal.o
 .debug_frame   0x0000000000000a48      0x498 ./Drivers/STM32F4xx_HAL_Driver/Src/stm32f4xx_hal_cortex.o
 .debug_frame   0x0000000000000ee0      0x250 ./Drivers/STM32F4xx_HAL_Driver/Src/stm32f4xx_hal_dma.o
 .debug_frame   0x0000000000001130      0x14c ./Drivers/STM32F4xx_HAL_Driver/Src/stm32f4xx_hal_gpio.o
 .debug_frame   0x000000000000127c      0x1f0 ./Drivers/STM32F4xx_HAL_Driver/Src/stm32f4xx_hal_rcc.o
 .debug_frame   0x000000000000146c     0x11bc ./Drivers/STM32F4xx_HAL_Driver/Src/stm32f4xx_hal_tim.o
 .debug_frame   0x0000000000002628      0x638 ./Drivers/STM32F4xx_HAL_Driver/Src/stm32f4xx_hal_tim_ex.o
 .debug_frame   0x0000000000002c60      0x92c ./Drivers/STM32F4xx_HAL_Driver/Src/stm32f4xx_hal_uart.o
 .debug_frame   0x000000000000358c       0x2c c:/st/stm32cubeide_1.7.0/stm32cubeide/plugins/com.st.stm32cube.ide.mcu.externaltools.gnu-tools-for-stm32.9-2020-q2-update.win32_2.0.0.202105311346/tools/bin/../lib/gcc/arm-none-eabi/9.3.1/../../../../arm-none-eabi/lib/thumb/v7e-m+fp/hard\libc_nano.a(lib_a-init.o)
 .debug_frame   0x00000000000035b8       0x20 c:/st/stm32cubeide_1.7.0/stm32cubeide/plugins/com.st.stm32cube.ide.mcu.externaltools.gnu-tools-for-stm32.9-2020-q2-update.win32_2.0.0.202105311346/tools/bin/../lib/gcc/arm-none-eabi/9.3.1/../../../../arm-none-eabi/lib/thumb/v7e-m+fp/hard\libc_nano.a(lib_a-memset.o)
 .debug_frame   0x00000000000035d8       0x2c c:/st/stm32cubeide_1.7.0/stm32cubeide/plugins/com.st.stm32cube.ide.mcu.externaltools.gnu-tools-for-stm32.9-2020-q2-update.win32_2.0.0.202105311346/tools/bin/../lib/gcc/arm-none-eabi/9.3.1/thumb/v7e-m+fp/hard\libgcc.a(_aeabi_uldivmod.o)
 .debug_frame   0x0000000000003604       0x34 c:/st/stm32cubeide_1.7.0/stm32cubeide/plugins/com.st.stm32cube.ide.mcu.externaltools.gnu-tools-for-stm32.9-2020-q2-update.win32_2.0.0.202105311346/tools/bin/../lib/gcc/arm-none-eabi/9.3.1/thumb/v7e-m+fp/hard\libgcc.a(_udivmoddi4.o)
