../Core/Inc/Modbus.h:165:17:crc16	24	static
../Core/Src/main.c:75:1:__io_putchar	16	static
../Core/Src/main.c:91:5:main	16	static
../Core/Src/main.c:175:6:SystemClock_Config	88	static
../Core/Src/main.c:219:13:MX_NVIC_Init	8	static
../Core/Src/main.c:246:13:MX_TIM1_Init	32	static
../Core/Src/main.c:292:13:MX_USART2_UART_Init	8	static
../Core/Src/main.c:325:13:MX_USART6_UART_Init	8	static
../Core/Src/main.c:358:13:MX_GPIO_Init	48	static
../Core/Src/main.c:410:6:Error_Handler	4	static,ignoring_inline_asm
