Modbus.h:159:17:crc16	24	static
Modbus.c:19:9:Search_ID	16	static
Modbus.c:32:6:MB_Slave	16	static
Modbus.c:57:9:SelectMode	16	static
Modbus.c:70:6:TableInit	8	static
Modbus.c:75:6:packetInit	8	static
Modbus.c:88:6:RX_Buf_Init	8	static
Modbus.c:95:6:frameCplt	8	static
Modbus.c:109:6:SetHandleFlag	32	static
Modbus.c:163:9:GetRX_Packet	32	static
Modbus.c:224:6:GetTX_Packet	16	static
Modbus.c:290:6:GetCoilRegData	24	static
Modbus.c:312:6:GetHandleData	24	static
Modbus.c:328:11:GetCoilRegTable	16	static
Modbus.c:361:10:GetTableAdr	4	static
Modbus.c:381:6:showPacket	40	dynamic
Modbus.c:412:6:GetCRC	24	static
