Modbus.h:165:17:crc16	24	static
Modbus.c:20:9:Search_ID	16	static
Modbus.c:33:6:MB_Slave	16	static
Modbus.c:58:9:SelectMode	16	static
Modbus.c:71:6:packetInit	8	static
Modbus.c:84:6:RX_Buf_Init	8	static
Modbus.c:91:6:frameCplt	8	static
Modbus.c:105:6:SetHandleFlag	32	static
Modbus.c:159:9:GetRX_Packet	32	static
Modbus.c:221:6:GetTX_Packet	16	static
Modbus.c:315:6:GetRegData	24	static
Modbus.c:337:6:GetHandleData	24	static
Modbus.c:353:11:GetCoilRegTable	16	static
Modbus.c:386:10:GetTableAdr	4	static
Modbus.c:406:6:showPacket	40	dynamic
Modbus.c:437:6:GetCRC	24	static
